[36mvite v7.3.6 [32mbuilding client environment for production...[36m[39m
transforming...
[33msrc/components/ui/tooltip.tsx (2:0): Error when using sourcemap for reporting an error: Can't resolve original location of error.[39m
[32m✓[39m 2184 modules transformed.
rendering chunks...
computing gzip size...
[2mdist/public/[22m[32mindex.html                 [39m[1m[2m  1.86 kB[22m[1m[22m[2m │ gzip:   0.68 kB[22m
[2mdist/public/[22m[35massets/index-D5t05Td5.css  [39m[1m[2m107.29 kB[22m[1m[22m[2m │ gzip:  17.47 kB[22m
[2mdist/public/[22m[36massets/index-DVtb6_5u.js   [39m[1m[33m519.49 kB[39m[22m[2m │ gzip: 166.39 kB[22m
[33m
(!) Some chunks are larger than 500 kB after minification. Consider:
- Using dynamic import() to code-split the application
- Use build.rollupOptions.output.manualChunks to improve chunking: https://rollupjs.org/configuration-options/#output-manualchunks
- Adjust chunk size limit for this warning via build.chunkSizeWarningLimit.[39m
[32m✓ built in 21.26s[39m
